<?xml version="1.0" encoding="UTF-8"?>
<testsuites>
  <testsuite name="/Users/lucifer/Desktop/DesignPattern/tests/Creational/Pool" tests="1" assertions="8" errors="0" failures="0" skipped="0" time="0.003132">
    <testsuite name="Tests\Creational\Pool\EmployeePoolTest" file="/Users/lucifer/Desktop/DesignPattern/tests/Creational/Pool/EmployeePoolTest.php" tests="1" assertions="8" errors="0" failures="0" skipped="0" time="0.003132">
      <testcase name="test_employee_pool" file="/Users/lucifer/Desktop/DesignPattern/tests/Creational/Pool/EmployeePoolTest.php" line="12" class="Tests\Creational\Pool\EmployeePoolTest" classname="Tests.Creational.Pool.EmployeePoolTest" assertions="8" time="0.003132"/>
    </testsuite>
  </testsuite>
</testsuites>
